01100101,01
01110010,100
00101110,1010
01101101,1011
01100001,111
00100000,110
01101110,000
EOF,0010
01000001,0011

1÷Ž¶4@